python : Using existing test database for alias 'default' 
('file:memorydb_default?mode=memory&cache=shared')...
At line:1 char:34
+ ...  STORE 1" ; python sdi_market\manage.py test marketplace.tests.Micros ...
+                 ~~~~~~~~~~~~~~~~~~~~~~~~~~~~~~~~~~~~~~~~~~~~~~~~~~~~~~~~~
    + CategoryInfo          : NotSpecified: (Using existing ...che=shared')... 
   :String) [], RemoteException
    + FullyQualifiedErrorId : NativeCommandError
 

Found 8 test(s).
Operations to perform:
  Synchronize unmigrated apps: channels, messages, rest_framework, rest_framework_simplejwt, staticfiles
  Apply all migrations: admin, auth, contenttypes, marketplace, sessions
Synchronizing apps without migrations:
  Creating tables...
    Running deferred SQL...
Running migrations:
  Applying contenttypes.0001_initial... OK
  Applying contenttypes.0002_remove_content_type_name... OK
  Applying auth.0001_initial... OK
  Applying auth.0002_alter_permission_name_max_length... OK
  Applying auth.0003_alter_user_email_max_length... OK
  Applying auth.0004_alter_user_username_opts... OK
  Applying auth.0005_alter_user_last_login_null... OK
  Applying auth.0006_require_contenttypes_0002... OK
  Applying auth.0007_alter_validators_add_error_messages... OK
  Applying auth.0008_alter_user_username_max_length... OK
  Applying auth.0009_alter_user_last_name_max_length... OK
  Applying auth.0010_alter_group_name_max_length... OK
  Applying auth.0011_update_proxy_permissions... OK
  Applying auth.0012_alter_user_first_name_max_length... OK
  Applying marketplace.0001_initial... OK
  Applying admin.0001_initial... OK
  Applying admin.0002_logentry_remove_auto_add... OK
  Applying admin.0003_logentry_add_action_flag_choices... OK
  Applying marketplace.0002_rename_total_wallet_balance_remove_transaction_order_and_more... OK
  Applying marketplace.0003_adminaddtransaction_alter_order_status... OK
  Applying marketplace.0004_auditlog... OK
  Applying marketplace.0005_order_delivery_confirmed_at_and_more... OK
  Applying marketplace.0006_remove_order_delivery_confirmed_at_order_date_achat_and_more... OK
  Applying marketplace.0007_systemsettings... OK
  Applying marketplace.0008_user_role... OK
  Applying marketplace.0009_cart_cartitem... OK
  Applying marketplace.0010_category_product_category... OK
  Applying marketplace.0011_productimage... OK
  Applying marketplace.0012_alter_deliveryemployee_wallet_balance_and_more... OK
  Applying marketplace.0013_productreview... OK
  Applying marketplace.0014_product_description... OK
  Applying marketplace.0015_deliveryassignment_actual_delivery_time_and_more... OK
  Applying marketplace.0016_deliveryassignment_buyer_lat_and_more... OK
  Applying marketplace.0017_exchangerate_user_can_request_delivery_and_more... OK
  Applying marketplace.0018_product_custom_image_alter_product_image... OK
  Applying marketplace.0019_chat_models... OK
  Applying marketplace.0020_chatmessageread... OK
  Applying marketplace.0021_privateconversation_privatemessage... OK
  Applying marketplace.0022_profile_photo... OK
  Applying marketplace.0023_profile_phone... OK
  Applying marketplace.0024_product_hauteur_product_largeur_product_longueur_and_more... OK
  Applying marketplace.0025_alter_adminaddtransaction_options_and_more... OK
  Applying marketplace.0026_shop_latitude_shop_longitude... OK
  Applying marketplace.0027_commissionconfig_alter_exchangerate_options... OK
  Applying marketplace.0028_order_distance_km... OK
  Applying marketplace.0029_add_commission_balances... OK
  Applying marketplace.0030_add_security_codes... OK
  Applying marketplace.0031_systemsettings_last_assigned_delivery_employee_index... OK
  Applying marketplace.0032_passwordmanagementpermission... OK
  Applying marketplace.0033_persistentnotification... OK
  Applying marketplace.0034_add_delivery_confirmations... OK
  Applying marketplace.0035_add_eur_wallet_balances... OK
  Applying marketplace.0036_exchangerate_eur_to_htg_exchangerate_eur_to_peso_and_more... OK
  Applying marketplace.0037_fix_exchange_rate_columns... OK
  Applying marketplace.0038_order_payment_methods... OK
  Applying marketplace.0039_user_failed_withdrawal_attempts_and_more... OK
  Applying marketplace.0040_user_account_code... OK
  Applying marketplace.0041_systemsettings_microsdicash_account_name_and_more... OK
  Applying marketplace.0042_profile_receipt_proof... OK
  Applying marketplace.0043_alter_systemsettings_microsdicash_payment_instructions_and_more... OK
  Applying marketplace.0044_profile_withdrawal_codes... OK
  Applying marketplace.0045_merge_migrations... OK
  Applying marketplace.0046_product_price_original_and_more... OK
  Applying marketplace.0047_securityincident_systemsettings_emergency_lockdown_and_more... OK
  Applying marketplace.0048_add_security_models... OK
  Applying marketplace.0049_adminwithdrawalpermission_withdrawalrequest_and_more... OK
  Applying marketplace.0050_profile_identity_document... OK
  Applying marketplace.0051_profile_global_withdrawal_access_granted... OK
  Applying marketplace.0052_alter_ipblocklist_options_and_more... OK
  Applying marketplace.0053_alter_ipblocklist_options_and_more... OK
  Applying marketplace.0054_theme_3d_permission... OK
  Applying marketplace.0055_remove_systemsettings_site_theme_3d_and_more... OK
  Applying marketplace.0056_aithreatanalysis_honeypotevent_portmonitoring_and_more... OK
  Applying marketplace.0057_aisecurityaudit_continuoussecuritymonitoring_and_more... OK
  Applying marketplace.0058_add_vulnerability_models... OK
  Applying marketplace.0059_profile_recharge_message_profile_recharge_selfie_and_more... OK
  Applying marketplace.0060_deposit_depositcommissionconfig... OK
  Applying marketplace.0061_adminsetting_depositlimit_agentcommission_and_more... OK
  Applying marketplace.0062_create_commission_permission...Permission 'manage_agent_commissions' crΘΘe avec succΦs.
 OK
  Applying marketplace.0063_user_display_otp_code_user_display_security_pin... OK
  Applying marketplace.0064_marketplacesettings_alter_profile_theme_name_and_more... OK
  Applying marketplace.0065_resellerproduct_copied_product... OK
  Applying marketplace.0066_marketplacesettings_max_active_copies_per_seller_and_more... OK
  Applying marketplace.0067_withdrawalrequest_notes_and_more... OK
  Applying marketplace.0068_withdrawalcommissiontier_and_more... OK
  Applying marketplace.0069_transfercommissiontier_transfer_transferlog_and_more... OK
test_agent_can_make_htg_deposit (marketplace.tests.MicrosDiCashAgentDepositTest
.test_agent_can_make_htg_deposit) ... ok
test_agent_deposit_history_shows_receipt_and_download (marketplace.tests.Micros
DiCashAgentDepositTest.test_agent_deposit_history_shows_receipt_and_download) 
... ok
test_client_can_view_deposit_receipts_list (marketplace.tests.MicrosDiCashAgent
DepositTest.test_client_can_view_deposit_receipts_list) ... ok
test_deposit_fails_when_agent_balance_insufficient (marketplace.tests.MicrosDiC
ashAgentDepositTest.test_deposit_fails_when_agent_balance_insufficient) ... 
ERROR
test_deposit_fails_when_client_phone_invalid (marketplace.tests.MicrosDiCashAge
ntDepositTest.test_deposit_fails_when_client_phone_invalid) ... ERROR
test_agent_sender_gets_agent_commission_for_htg_transfer (marketplace.tests.Tra
nsferFundsTest.test_agent_sender_gets_agent_commission_for_htg_transfer) ... 
FAIL
test_sender_can_transfer_htg_from_micro_device_and_credit_system_commission (ma
rketplace.tests.TransferFundsTest.test_sender_can_transfer_htg_from_micro_devic
e_and_credit_system_commission) ... FAIL
test_sender_can_transfer_usd_to_receiver 
(marketplace.tests.TransferFundsTest.test_sender_can_transfer_usd_to_receiver) 
... FAIL

======================================================================
ERROR: test_deposit_fails_when_agent_balance_insufficient (marketplace.tests.Mi
crosDiCashAgentDepositTest.test_deposit_fails_when_agent_balance_insufficient)
----------------------------------------------------------------------
Traceback (most recent call last):
  File "C:\Users\STP CENADY ENTREPRIS\AppData\Local\Python\pythoncore-3.14-64\L
ib\site-packages\django\db\models\sql\query.py", line 1960, in transform
    return self.try_transform(wrapped, name)
           ~~~~~~~~~~~~~~~~~~^^^^^^^^^^^^^^^
  File "C:\Users\STP CENADY ENTREPRIS\AppData\Local\Python\pythoncore-3.14-64\L
ib\site-packages\django\db\models\sql\query.py", line 1488, in try_transform
    raise FieldError(
    ...<2 lines>...
    )
django.core.exceptions.FieldError: Unsupported lookup 'isnull' for 
BigAutoField or join on the field not permitted, perhaps you meant isnull?

During handling of the above exception, another exception occurred:

Traceback (most recent call last):
  File "C:\wamp64\www\SDI STORE 1\sdi_market\marketplace\tests.py", line 95, 
in test_deposit_fails_when_agent_balance_insufficient
    response = self.client.post(url, {
        'account_number': self.client_user.account_code,
    ...<3 lines>...
        'final_code': '0000',
    }, follow=True)
  File "C:\Users\STP CENADY ENTREPRIS\AppData\Local\Python\pythoncore-3.14-64\L
ib\site-packages\django\test\client.py", line 1163, in post
    response = self._handle_redirects(
        response,
    ...<4 lines>...
        **extra,
    )
  File "C:\Users\STP CENADY ENTREPRIS\AppData\Local\Python\pythoncore-3.14-64\L
ib\site-packages\django\test\client.py", line 1384, in _handle_redirects
    response = self._follow_redirect(
        response,
    ...<4 lines>...
        **extra,
    )
  File "C:\Users\STP CENADY ENTREPRIS\AppData\Local\Python\pythoncore-3.14-64\L
ib\site-packages\django\test\client.py", line 1002, in _follow_redirect
    return request_method(
        path,
    ...<5 lines>...
        **extra,
    )
  File "C:\Users\STP CENADY ENTREPRIS\AppData\Local\Python\pythoncore-3.14-64\L
ib\site-packages\django\test\client.py", line 1124, in get
    response = super().get(
        path,
    ...<4 lines>...
        **extra,
    )
  File "C:\Users\STP CENADY ENTREPRIS\AppData\Local\Python\pythoncore-3.14-64\L
ib\site-packages\django\test\client.py", line 475, in get
    return self.generic(
           ~~~~~~~~~~~~^
        "GET",
        ^^^^^^
    ...<4 lines>...
        **extra,
        ^^^^^^^^
    )
    ^
  File "C:\Users\STP CENADY ENTREPRIS\AppData\Local\Python\pythoncore-3.14-64\L
ib\site-packages\django\test\client.py", line 671, in generic
    return self.request(**r)
           ~~~~~~~~~~~~^^^^^
  File "C:\Users\STP CENADY ENTREPRIS\AppData\Local\Python\pythoncore-3.14-64\L
ib\site-packages\django\test\client.py", line 1087, in request
    self.check_exception(response)
    ~~~~~~~~~~~~~~~~~~~~^^^^^^^^^^
  File "C:\Users\STP CENADY ENTREPRIS\AppData\Local\Python\pythoncore-3.14-64\L
ib\site-packages\django\test\client.py", line 802, in check_exception
    raise exc_value
  File "C:\Users\STP CENADY ENTREPRIS\AppData\Local\Python\pythoncore-3.14-64\L
ib\site-packages\django\core\handlers\exception.py", line 55, in inner
    response = get_response(request)
  File "C:\Users\STP CENADY ENTREPRIS\AppData\Local\Python\pythoncore-3.14-64\L
ib\site-packages\django\core\handlers\base.py", line 198, in _get_response
    response = wrapped_callback(request, *callback_args, **callback_kwargs)
  File "C:\Users\STP CENADY ENTREPRIS\AppData\Local\Python\pythoncore-3.14-64\L
ib\site-packages\django\contrib\auth\decorators.py", line 59, in _view_wrapper
    return view_func(request, *args, **kwargs)
  File "C:\Users\STP CENADY ENTREPRIS\AppData\Local\Python\pythoncore-3.14-64\L
ib\site-packages\django\views\decorators\http.py", line 64, in inner
    return func(request, *args, **kwargs)
  File "C:\wamp64\www\SDI STORE 1\sdi_market\marketplace\views_deposit.py", 
line 68, in agent_deposit_view
    for rule in commission_rules
                ^^^^^^^^^^^^^^^^
  File "C:\Users\STP CENADY ENTREPRIS\AppData\Local\Python\pythoncore-3.14-64\L
ib\site-packages\django\db\models\query.py", line 390, in __iter__
    self._fetch_all()
    ~~~~~~~~~~~~~~~^^
  File "C:\Users\STP CENADY ENTREPRIS\AppData\Local\Python\pythoncore-3.14-64\L
ib\site-packages\django\db\models\query.py", line 2000, in _fetch_all
    self._result_cache = list(self._iterable_class(self))
                         ~~~~^^^^^^^^^^^^^^^^^^^^^^^^^^^^
  File "C:\Users\STP CENADY ENTREPRIS\AppData\Local\Python\pythoncore-3.14-64\L
ib\site-packages\django\db\models\query.py", line 95, in __iter__
    results = compiler.execute_sql(
        chunked_fetch=self.chunked_fetch, chunk_size=self.chunk_size
    )
  File "C:\Users\STP CENADY ENTREPRIS\AppData\Local\Python\pythoncore-3.14-64\L
ib\site-packages\django\db\models\sql\compiler.py", line 1611, in execute_sql
    sql, params = self.as_sql()
                  ~~~~~~~~~~~^^
  File "C:\Users\STP CENADY ENTREPRIS\AppData\Local\Python\pythoncore-3.14-64\L
ib\site-packages\django\db\models\sql\compiler.py", line 767, in as_sql
    extra_select, order_by, group_by = self.pre_sql_setup(
                                       ~~~~~~~~~~~~~~~~~~^
        with_col_aliases=with_col_aliases or bool(combinator),
        ^^^^^^^^^^^^^^^^^^^^^^^^^^^^^^^^^^^^^^^^^^^^^^^^^^^^^^
    )
    ^
  File "C:\Users\STP CENADY ENTREPRIS\AppData\Local\Python\pythoncore-3.14-64\L
ib\site-packages\django\db\models\sql\compiler.py", line 87, in pre_sql_setup
    order_by = self.get_order_by()
  File "C:\Users\STP CENADY ENTREPRIS\AppData\Local\Python\pythoncore-3.14-64\L
ib\site-packages\django\db\models\sql\compiler.py", line 491, in get_order_by
    for expr, is_ref in self._order_by_pairs():
                        ~~~~~~~~~~~~~~~~~~~~^^
  File "C:\Users\STP CENADY ENTREPRIS\AppData\Local\Python\pythoncore-3.14-64\L
ib\site-packages\django\db\models\sql\compiler.py", line 474, in 
_order_by_pairs
    yield from self.find_ordering_name(
               ~~~~~~~~~~~~~~~~~~~~~~~^
        field,
        ^^^^^^
        self.query.get_meta(),
        ^^^^^^^^^^^^^^^^^^^^^^
        default_order=default_order,
        ^^^^^^^^^^^^^^^^^^^^^^^^^^^^
    )
    ^
  File "C:\Users\STP CENADY ENTREPRIS\AppData\Local\Python\pythoncore-3.14-64\L
ib\site-packages\django\db\models\sql\compiler.py", line 1121, in 
find_ordering_name
    (OrderBy(transform_function(t, alias), descending=descending), False)
             ~~~~~~~~~~~~~~~~~~^^^^^^^^^^
  File "C:\Users\STP CENADY ENTREPRIS\AppData\Local\Python\pythoncore-3.14-64\L
ib\site-packages\django\db\models\sql\query.py", line 1964, in transform
    raise last_field_exception
  File "C:\Users\STP CENADY ENTREPRIS\AppData\Local\Python\pythoncore-3.14-64\L
ib\site-packages\django\db\models\sql\query.py", line 1937, in setup_joins
    path, final_field, targets, rest = self.names_to_path(
                                       ~~~~~~~~~~~~~~~~~~^
        names[:pivot],
        ^^^^^^^^^^^^^^
    ...<2 lines>...
        fail_on_missing=True,
        ^^^^^^^^^^^^^^^^^^^^^
    )
    ^
  File "C:\Users\STP CENADY ENTREPRIS\AppData\Local\Python\pythoncore-3.14-64\L
ib\site-packages\django\db\models\sql\query.py", line 1842, in names_to_path
    raise FieldError(
    ...<2 lines>...
    )
django.core.exceptions.FieldError: Cannot resolve keyword 'isnull' into field. 
Choices are: access_requests, account_code, agent, agent_commissions, 
agent_withdrawal_transactions, audit_logs, can_request_delivery, cart, 
chat_groups, chat_message_reads, chat_messages, commission_logs, 
commission_rules, config_updates, confirmed_withdrawals, date_joined, 
deliveryemployee, deliverynotification, deposit_receipts, 
depositcommissionconfig, deposits_confirmed, deposits_made, deposits_received, 
display_otp_code, display_security_pin, email, failed_withdrawal_attempts, 
first_name, fixed_vulnerabilities, granted_logo_permissions, 
granted_withdrawal_permissions, groups, id, implemented_recommendations, 
is_active, is_agent, is_buyer, is_delivery_agent, is_delivery_employee, 
is_seller, is_staff, is_superuser, issued_deposit_receipts, last_login, 
last_name, logentry, logo_permission, marketplace_commissions, orders, 
otp_code, otp_expires_at, password, password_management_permissions, 
permission_updates, persistent_notifications, private_conversations_as_user1, 
private_conversations_as_user2, private_received_messages, 
private_sent_messages, processed_receipts, processed_withdrawals, 
productreview, profile, receipts, received_transactions, received_transfers, 
reseller_products, returnrequest, role, security_events, security_pin, 
securityalert, securitylog, sent_transactions, sent_transfers, shop, 
transactionlog, transfer_logs, transfer_notifications, transfer_receipts, 
user_permissions, username, verified_vulnerabilities, vulnerabilityfix, 
wallet, withdrawal_blocked_until, withdrawal_permission, withdrawal_requests, 
withdrawal_transactions, zone

======================================================================
ERROR: test_deposit_fails_when_client_phone_invalid (marketplace.tests.MicrosDi
CashAgentDepositTest.test_deposit_fails_when_client_phone_invalid)
----------------------------------------------------------------------
Traceback (most recent call last):
  File "C:\Users\STP CENADY ENTREPRIS\AppData\Local\Python\pythoncore-3.14-64\L
ib\site-packages\django\db\models\sql\query.py", line 1960, in transform
    return self.try_transform(wrapped, name)
           ~~~~~~~~~~~~~~~~~~^^^^^^^^^^^^^^^
  File "C:\Users\STP CENADY ENTREPRIS\AppData\Local\Python\pythoncore-3.14-64\L
ib\site-packages\django\db\models\sql\query.py", line 1488, in try_transform
    raise FieldError(
    ...<2 lines>...
    )
django.core.exceptions.FieldError: Unsupported lookup 'isnull' for 
BigAutoField or join on the field not permitted, perhaps you meant isnull?

During handling of the above exception, another exception occurred:

Traceback (most recent call last):
  File "C:\wamp64\www\SDI STORE 1\sdi_market\marketplace\tests.py", line 107, 
in test_deposit_fails_when_client_phone_invalid
    response = self.client.post(url, {
        'account_number': 'ACC000000',
    ...<3 lines>...
        'final_code': '0000',
    }, follow=True)
  File "C:\Users\STP CENADY ENTREPRIS\AppData\Local\Python\pythoncore-3.14-64\L
ib\site-packages\django\test\client.py", line 1163, in post
    response = self._handle_redirects(
        response,
    ...<4 lines>...
        **extra,
    )
  File "C:\Users\STP CENADY ENTREPRIS\AppData\Local\Python\pythoncore-3.14-64\L
ib\site-packages\django\test\client.py", line 1384, in _handle_redirects
    response = self._follow_redirect(
        response,
    ...<4 lines>...
        **extra,
    )
  File "C:\Users\STP CENADY ENTREPRIS\AppData\Local\Python\pythoncore-3.14-64\L
ib\site-packages\django\test\client.py", line 1002, in _follow_redirect
    return request_method(
        path,
    ...<5 lines>...
        **extra,
    )
  File "C:\Users\STP CENADY ENTREPRIS\AppData\Local\Python\pythoncore-3.14-64\L
ib\site-packages\django\test\client.py", line 1124, in get
    response = super().get(
        path,
    ...<4 lines>...
        **extra,
    )
  File "C:\Users\STP CENADY ENTREPRIS\AppData\Local\Python\pythoncore-3.14-64\L
ib\site-packages\django\test\client.py", line 475, in get
    return self.generic(
           ~~~~~~~~~~~~^
        "GET",
        ^^^^^^
    ...<4 lines>...
        **extra,
        ^^^^^^^^
    )
    ^
  File "C:\Users\STP CENADY ENTREPRIS\AppData\Local\Python\pythoncore-3.14-64\L
ib\site-packages\django\test\client.py", line 671, in generic
    return self.request(**r)
           ~~~~~~~~~~~~^^^^^
  File "C:\Users\STP CENADY ENTREPRIS\AppData\Local\Python\pythoncore-3.14-64\L
ib\site-packages\django\test\client.py", line 1087, in request
    self.check_exception(response)
    ~~~~~~~~~~~~~~~~~~~~^^^^^^^^^^
  File "C:\Users\STP CENADY ENTREPRIS\AppData\Local\Python\pythoncore-3.14-64\L
ib\site-packages\django\test\client.py", line 802, in check_exception
    raise exc_value
  File "C:\Users\STP CENADY ENTREPRIS\AppData\Local\Python\pythoncore-3.14-64\L
ib\site-packages\django\core\handlers\exception.py", line 55, in inner
    response = get_response(request)
  File "C:\Users\STP CENADY ENTREPRIS\AppData\Local\Python\pythoncore-3.14-64\L
ib\site-packages\django\core\handlers\base.py", line 198, in _get_response
    response = wrapped_callback(request, *callback_args, **callback_kwargs)
  File "C:\Users\STP CENADY ENTREPRIS\AppData\Local\Python\pythoncore-3.14-64\L
ib\site-packages\django\contrib\auth\decorators.py", line 59, in _view_wrapper
    return view_func(request, *args, **kwargs)
  File "C:\Users\STP CENADY ENTREPRIS\AppData\Local\Python\pythoncore-3.14-64\L
ib\site-packages\django\views\decorators\http.py", line 64, in inner
    return func(request, *args, **kwargs)
  File "C:\wamp64\www\SDI STORE 1\sdi_market\marketplace\views_deposit.py", 
line 68, in agent_deposit_view
    for rule in commission_rules
                ^^^^^^^^^^^^^^^^
  File "C:\Users\STP CENADY ENTREPRIS\AppData\Local\Python\pythoncore-3.14-64\L
ib\site-packages\django\db\models\query.py", line 390, in __iter__
    self._fetch_all()
    ~~~~~~~~~~~~~~~^^
  Applying sessions.0001_initial... OK
System check identified no issues (0 silenced).
  File "C:\Users\STP CENADY ENTREPRIS\AppData\Local\Python\pythoncore-3.14-64\L
ib\site-packages\django\db\models\query.py", line 2000, in _fetch_all
    self._result_cache = list(self._iterable_class(self))
                         ~~~~^^^^^^^^^^^^^^^^^^^^^^^^^^^^
  File "C:\Users\STP CENADY ENTREPRIS\AppData\Local\Python\pythoncore-3.14-64\L
ib\site-packages\django\db\models\query.py", line 95, in __iter__
    results = compiler.execute_sql(
        chunked_fetch=self.chunked_fetch, chunk_size=self.chunk_size
    )
  File "C:\Users\STP CENADY ENTREPRIS\AppData\Local\Python\pythoncore-3.14-64\L
ib\site-packages\django\db\models\sql\compiler.py", line 1611, in execute_sql
    sql, params = self.as_sql()
                  ~~~~~~~~~~~^^
  File "C:\Users\STP CENADY ENTREPRIS\AppData\Local\Python\pythoncore-3.14-64\L
ib\site-packages\django\db\models\sql\compiler.py", line 767, in as_sql
    extra_select, order_by, group_by = self.pre_sql_setup(
                                       ~~~~~~~~~~~~~~~~~~^
        with_col_aliases=with_col_aliases or bool(combinator),
        ^^^^^^^^^^^^^^^^^^^^^^^^^^^^^^^^^^^^^^^^^^^^^^^^^^^^^^
    )
    ^
  File "C:\Users\STP CENADY ENTREPRIS\AppData\Local\Python\pythoncore-3.14-64\L
ib\site-packages\django\db\models\sql\compiler.py", line 87, in pre_sql_setup
    order_by = self.get_order_by()
  File "C:\Users\STP CENADY ENTREPRIS\AppData\Local\Python\pythoncore-3.14-64\L
ib\site-packages\django\db\models\sql\compiler.py", line 491, in get_order_by
    for expr, is_ref in self._order_by_pairs():
                        ~~~~~~~~~~~~~~~~~~~~^^
  File "C:\Users\STP CENADY ENTREPRIS\AppData\Local\Python\pythoncore-3.14-64\L
ib\site-packages\django\db\models\sql\compiler.py", line 474, in 
_order_by_pairs
    yield from self.find_ordering_name(
               ~~~~~~~~~~~~~~~~~~~~~~~^
        field,
        ^^^^^^
        self.query.get_meta(),
        ^^^^^^^^^^^^^^^^^^^^^^
        default_order=default_order,
        ^^^^^^^^^^^^^^^^^^^^^^^^^^^^
    )
    ^
  File "C:\Users\STP CENADY ENTREPRIS\AppData\Local\Python\pythoncore-3.14-64\L
ib\site-packages\django\db\models\sql\compiler.py", line 1121, in 
find_ordering_name
    (OrderBy(transform_function(t, alias), descending=descending), False)
             ~~~~~~~~~~~~~~~~~~^^^^^^^^^^
  File "C:\Users\STP CENADY ENTREPRIS\AppData\Local\Python\pythoncore-3.14-64\L
ib\site-packages\django\db\models\sql\query.py", line 1964, in transform
    raise last_field_exception
  File "C:\Users\STP CENADY ENTREPRIS\AppData\Local\Python\pythoncore-3.14-64\L
ib\site-packages\django\db\models\sql\query.py", line 1937, in setup_joins
    path, final_field, targets, rest = self.names_to_path(
                                       ~~~~~~~~~~~~~~~~~~^
        names[:pivot],
        ^^^^^^^^^^^^^^
    ...<2 lines>...
        fail_on_missing=True,
        ^^^^^^^^^^^^^^^^^^^^^
    )
    ^
  File "C:\Users\STP CENADY ENTREPRIS\AppData\Local\Python\pythoncore-3.14-64\L
ib\site-packages\django\db\models\sql\query.py", line 1842, in names_to_path
    raise FieldError(
    ...<2 lines>...
    )
django.core.exceptions.FieldError: Cannot resolve keyword 'isnull' into field. 
Choices are: access_requests, account_code, agent, agent_commissions, 
agent_withdrawal_transactions, audit_logs, can_request_delivery, cart, 
chat_groups, chat_message_reads, chat_messages, commission_logs, 
commission_rules, config_updates, confirmed_withdrawals, date_joined, 
deliveryemployee, deliverynotification, deposit_receipts, 
depositcommissionconfig, deposits_confirmed, deposits_made, deposits_received, 
display_otp_code, display_security_pin, email, failed_withdrawal_attempts, 
first_name, fixed_vulnerabilities, granted_logo_permissions, 
granted_withdrawal_permissions, groups, id, implemented_recommendations, 
is_active, is_agent, is_buyer, is_delivery_agent, is_delivery_employee, 
is_seller, is_staff, is_superuser, issued_deposit_receipts, last_login, 
last_name, logentry, logo_permission, marketplace_commissions, orders, 
otp_code, otp_expires_at, password, password_management_permissions, 
permission_updates, persistent_notifications, private_conversations_as_user1, 
private_conversations_as_user2, private_received_messages, 
private_sent_messages, processed_receipts, processed_withdrawals, 
productreview, profile, receipts, received_transactions, received_transfers, 
reseller_products, returnrequest, role, security_events, security_pin, 
securityalert, securitylog, sent_transactions, sent_transfers, shop, 
transactionlog, transfer_logs, transfer_notifications, transfer_receipts, 
user_permissions, username, verified_vulnerabilities, vulnerabilityfix, 
wallet, withdrawal_blocked_until, withdrawal_permission, withdrawal_requests, 
withdrawal_transactions, zone

======================================================================
FAIL: test_agent_sender_gets_agent_commission_for_htg_transfer (marketplace.tes
ts.TransferFundsTest.test_agent_sender_gets_agent_commission_for_htg_transfer)
----------------------------------------------------------------------
Traceback (most recent call last):
  File "C:\wamp64\www\SDI STORE 1\sdi_market\marketplace\tests.py", line 252, 
in test_agent_sender_gets_agent_commission_for_htg_transfer
    self.assertEqual(response.status_code, 200)
    ~~~~~~~~~~~~~~~~^^^^^^^^^^^^^^^^^^^^^^^^^^^
AssertionError: 403 != 200

======================================================================
FAIL: 
test_sender_can_transfer_htg_from_micro_device_and_credit_system_commission (ma
rketplace.tests.TransferFundsTest.test_sender_can_transfer_htg_from_micro_devic
e_and_credit_system_commission)
----------------------------------------------------------------------
Traceback (most recent call last):
  File "C:\wamp64\www\SDI STORE 1\sdi_market\marketplace\tests.py", line 223, 
in test_sender_can_transfer_htg_from_micro_device_and_credit_system_commission
    self.assertEqual(response.status_code, 200)
    ~~~~~~~~~~~~~~~~^^^^^^^^^^^^^^^^^^^^^^^^^^^
AssertionError: 403 != 200

======================================================================
FAIL: test_sender_can_transfer_usd_to_receiver 
(marketplace.tests.TransferFundsTest.test_sender_can_transfer_usd_to_receiver)
----------------------------------------------------------------------
Traceback (most recent call last):
  File "C:\wamp64\www\SDI STORE 1\sdi_market\marketplace\tests.py", line 199, 
in test_sender_can_transfer_usd_to_receiver
    self.assertEqual(response.status_code, 200)
    ~~~~~~~~~~~~~~~~^^^^^^^^^^^^^^^^^^^^^^^^^^^
AssertionError: 403 != 200

----------------------------------------------------------------------
Ran 8 tests in 132.390s

FAILED (failures=3, errors=2)
Preserving test database for alias 'default' 
('file:memorydb_default?mode=memory&cache=shared')...

